
> kula-pos@0.8.19 build:staging
> vite build --mode staging

vite v7.2.4 building client environment for staging...
[baseline-browser-mapping] The data in this module is over two months old.  To ensure accurate Baseline data, please update: `npm i baseline-browser-mapping@latest -D`
transforming...
✓ 26 modules transformed.
✗ Build failed in 931ms
error during build:
[vite-plugin-pwa:build] [plugin vite-plugin-pwa:build] src/pages/RentalDashboard.jsx (458:22): There was an error during the build:
  Transform failed with 1 error:
/Users/kamal/.gemini/antigravity/scratch/kasir-pro-supabase/src/pages/RentalDashboard.jsx:458:22: ERROR: Expected ")" but found ":"
Additionally, handling the error in the 'buildEnd' hook caused the following error:
  Transform failed with 1 error:
/Users/kamal/.gemini/antigravity/scratch/kasir-pro-supabase/src/pages/RentalDashboard.jsx:458:22: ERROR: Expected ")" but found ":"
file: /Users/kamal/.gemini/antigravity/scratch/kasir-pro-supabase/src/pages/RentalDashboard.jsx:458:22

Expected ")" but found ":"
456 |                              ))}
457 |                          </div>
458 |                      ) : (
    |                        ^
459 |                          <div className="text-center py-8 text-muted-foreground">Belum ada pesanan F&B</div>
460 |                      )}

    at getRollupError (file:///Users/kamal/.gemini/antigravity/scratch/kasir-pro-supabase/node_modules/rollup/dist/es/shared/parseAst.js:401:41)
    at file:///Users/kamal/.gemini/antigravity/scratch/kasir-pro-supabase/node_modules/rollup/dist/es/shared/node-entry.js:23347:39
    at process.processTicksAndRejections (node:internal/process/task_queues:103:5)
    at async catchUnfinishedHookActions (file:///Users/kamal/.gemini/antigravity/scratch/kasir-pro-supabase/node_modules/rollup/dist/es/shared/node-entry.js:22805:16)
    at async rollupInternal (file:///Users/kamal/.gemini/antigravity/scratch/kasir-pro-supabase/node_modules/rollup/dist/es/shared/node-entry.js:23330:5)
    at async buildEnvironment (file:///Users/kamal/.gemini/antigravity/scratch/kasir-pro-supabase/node_modules/vite/dist/node/chunks/config.js:34189:12)
    at async Object.build (file:///Users/kamal/.gemini/antigravity/scratch/kasir-pro-supabase/node_modules/vite/dist/node/chunks/config.js:34548:19)
    at async Object.buildApp (file:///Users/kamal/.gemini/antigravity/scratch/kasir-pro-supabase/node_modules/vite/dist/node/chunks/config.js:34545:153)
    at async CAC.<anonymous> (file:///Users/kamal/.gemini/antigravity/scratch/kasir-pro-supabase/node_modules/vite/dist/node/cli.js:629:3)
